set_location_assignment PIN_AA23 -to "SIMPLE_NET"
